Traceback (most recent call last):
  File "<string>", line 1, in <module>
  File "/root/.local/lib/python3.12/site-packages/huggingface_hub/utils/_validators.py", line 89, in _inner_fn
    return fn(*args, **kwargs)
           ^^^^^^^^^^^^^^^^^^^
  File "/root/.local/lib/python3.12/site-packages/huggingface_hub/utils/_http.py", line 276, in _inner
    return fn(*args, **kwargs)
           ^^^^^^^^^^^^^^^^^^^
  File "/root/.local/lib/python3.12/site-packages/huggingface_hub/file_download.py", line 1047, in hf_hub_download
    return _hf_hub_download_to_cache_dir(
           ^^^^^^^^^^^^^^^^^^^^^^^^^^^^^^
  File "/root/.local/lib/python3.12/site-packages/huggingface_hub/file_download.py", line 1117, in _hf_hub_download_to_cache_dir
    (url_to_download, etag, commit_hash, expected_size, xet_file_data, head_call_error) = _get_metadata_or_catch_error(
                                                                                          ^^^^^^^^^^^^^^^^^^^^^^^^^^^^^
  File "/root/.local/lib/python3.12/site-packages/huggingface_hub/file_download.py", line 1762, in _get_metadata_or_catch_error
    metadata = get_hf_file_metadata(
               ^^^^^^^^^^^^^^^^^^^^^
  File "/root/.local/lib/python3.12/site-packages/huggingface_hub/utils/_validators.py", line 89, in _inner_fn
    return fn(*args, **kwargs)
           ^^^^^^^^^^^^^^^^^^^
  File "/root/.local/lib/python3.12/site-packages/huggingface_hub/file_download.py", line 1669, in get_hf_file_metadata
    response = _httpx2_follow_hub_redirects_with_backoff(
               ^^^^^^^^^^^^^^^^^^^^^^^^^^^^^^^^^^^^^^^^^^
  File "/root/.local/lib/python3.12/site-packages/huggingface_hub/utils/_http.py", line 764, in _httpx2_follow_hub_redirects_with_backoff
    response = http_backoff(
               ^^^^^^^^^^^^^
  File "/root/.local/lib/python3.12/site-packages/huggingface_hub/utils/_http.py", line 637, in http_backoff
    return next(
           ^^^^^
  File "/root/.local/lib/python3.12/site-packages/huggingface_hub/utils/_http.py", line 504, in _http_backoff_base
    client = get_session()
             ^^^^^^^^^^^^^
  File "/root/.local/lib/python3.12/site-packages/huggingface_hub/utils/_http.py", line 417, in get_session
    _GLOBAL_CLIENT = _GLOBAL_CLIENT_FACTORY()
                     ^^^^^^^^^^^^^^^^^^^^^^^^
  File "/root/.local/lib/python3.12/site-packages/huggingface_hub/utils/_http.py", line 345, in default_client_factory
    return httpx2.Client(
           ^^^^^^^^^^^^^^
  File "/root/.local/lib/python3.12/site-packages/httpx2/_client.py", line 674, in __init__
    else self._init_proxy_transport(
         ^^^^^^^^^^^^^^^^^^^^^^^^^^^
  File "/root/.local/lib/python3.12/site-packages/httpx2/_client.py", line 722, in _init_proxy_transport
    return HTTPTransport(
           ^^^^^^^^^^^^^^
  File "/root/.local/lib/python3.12/site-packages/httpx2/_transports/default.py", line 187, in __init__
    raise ImportError(
ImportError: Using SOCKS proxy, but the 'socksio' package is not installed. Make sure to install httpx using `pip install httpx[socks]`.
2.14.1+cu130 False
