`torch_dtype` is deprecated! Use `dtype` instead!
trainable params: 540,672 || all params: 494,573,440 || trainable%: 0.1093

  0%|          | 0/20 [00:00<?, ?it/s]/root/.local/lib/python3.12/site-packages/torch/utils/data/dataloader.py:759: UserWarning: 'pin_memory' argument is set as true but no accelerator is found, then device pinned memory won't be used.
  super().__init__(loader)

  5%|▌         | 1/20 [00:11<03:29, 11.01s/it]
 10%|█         | 2/20 [00:19<02:53,  9.61s/it]
 15%|█▌        | 3/20 [00:27<02:28,  8.71s/it]
 20%|██        | 4/20 [00:35<02:13,  8.35s/it]
 25%|██▌       | 5/20 [00:43<02:03,  8.23s/it]
 30%|███       | 6/20 [00:50<01:53,  8.11s/it]
 35%|███▌      | 7/20 [00:58<01:43,  7.99s/it]
 40%|████      | 8/20 [01:06<01:34,  7.91s/it]
 45%|████▌     | 9/20 [01:14<01:26,  7.87s/it]
 50%|█████     | 10/20 [01:21<01:15,  7.54s/it]
                                               

 50%|█████     | 10/20 [01:21<01:15,  7.54s/it]
 55%|█████▌    | 11/20 [01:27<01:04,  7.20s/it]
 60%|██████    | 12/20 [01:32<00:51,  6.48s/it]
 65%|██████▌   | 13/20 [01:38<00:44,  6.32s/it]
 70%|███████   | 14/20 [01:44<00:36,  6.16s/it]
 75%|███████▌  | 15/20 [01:49<00:30,  6.09s/it]
 80%|████████  | 16/20 [01:56<00:24,  6.09s/it]
 85%|████████▌ | 17/20 [02:01<00:18,  6.04s/it]
 90%|█████████ | 18/20 [02:08<00:12,  6.06s/it]
 95%|█████████▌| 19/20 [02:15<00:06,  6.61s/it]
100%|██████████| 20/20 [02:23<00:00,  6.92s/it]
                                               

100%|██████████| 20/20 [02:23<00:00,  6.92s/it]
                                               

100%|██████████| 20/20 [02:23<00:00,  6.92s/it]
100%|██████████| 20/20 [02:23<00:00,  7.18s/it]
{'loss': 1.3276, 'grad_norm': 4.521659851074219, 'learning_rate': 0.00011000000000000002, 'epoch': 0.31}
{'loss': 1.539, 'grad_norm': 4.415935516357422, 'learning_rate': 1e-05, 'epoch': 0.62}
{'train_runtime': 143.6102, 'train_samples_per_second': 0.557, 'train_steps_per_second': 0.139, 'train_loss': 1.4333116054534911, 'epoch': 0.62}

  0%|          | 0/128 [00:00<?, ?it/s]
  2%|▏         | 2/128 [00:00<00:38,  3.26it/s]
  2%|▏         | 3/128 [00:01<00:51,  2.41it/s]
  3%|▎         | 4/128 [00:01<01:04,  1.91it/s]
  4%|▍         | 5/128 [00:02<01:06,  1.84it/s]
  5%|▍         | 6/128 [00:02<01:04,  1.88it/s]
  5%|▌         | 7/128 [00:03<01:04,  1.88it/s]
  6%|▋         | 8/128 [00:04<01:04,  1.86it/s]
  7%|▋         | 9/128 [00:04<01:01,  1.92it/s]
  8%|▊         | 10/128 [00:05<01:02,  1.88it/s]
  9%|▊         | 11/128 [00:05<01:00,  1.93it/s]
  9%|▉         | 12/128 [00:06<00:57,  2.01it/s]
 10%|█         | 13/128 [00:06<00:59,  1.93it/s]
 11%|█         | 14/128 [00:07<01:12,  1.58it/s]
 12%|█▏        | 15/128 [00:07<01:02,  1.80it/s]
 12%|█▎        | 16/128 [00:08<00:55,  2.01it/s]
 13%|█▎        | 17/128 [00:08<00:51,  2.17it/s]
 14%|█▍        | 18/128 [00:09<01:03,  1.73it/s]
 15%|█▍        | 19/128 [00:10<01:23,  1.30it/s]
 16%|█▌        | 20/128 [00:11<01:21,  1.32it/s]
 16%|█▋        | 21/128 [00:12<01:34,  1.13it/s]
 17%|█▋        | 22/128 [00:13<01:23,  1.27it/s]
 18%|█▊        | 23/128 [00:13<01:19,  1.32it/s]
 19%|█▉        | 24/128 [00:14<01:15,  1.38it/s]
 20%|█▉        | 25/128 [00:15<01:09,  1.49it/s]
 20%|██        | 26/128 [00:15<01:05,  1.57it/s]
 21%|██        | 27/128 [00:16<01:06,  1.52it/s]
 22%|██▏       | 28/128 [00:17<01:10,  1.41it/s]
 23%|██▎       | 29/128 [00:17<01:06,  1.49it/s]
 23%|██▎       | 30/128 [00:18<01:01,  1.59it/s]
 24%|██▍       | 31/128 [00:18<00:59,  1.63it/s]
 25%|██▌       | 32/128 [00:19<01:01,  1.55it/s]
 26%|██▌       | 33/128 [00:20<00:57,  1.64it/s]
 27%|██▋       | 34/128 [00:20<00:56,  1.65it/s]
 27%|██▋       | 35/128 [00:21<00:58,  1.60it/s]
 28%|██▊       | 36/128 [00:21<00:55,  1.66it/s]
 29%|██▉       | 37/128 [00:22<00:53,  1.70it/s]
 30%|██▉       | 38/128 [00:23<00:53,  1.67it/s]
 30%|███       | 39/128 [00:23<00:56,  1.58it/s]
 31%|███▏      | 40/128 [00:24<00:54,  1.63it/s]
 32%|███▏      | 41/128 [00:24<00:51,  1.68it/s]
 33%|███▎      | 42/128 [00:25<00:52,  1.63it/s]
 34%|███▎      | 43/128 [00:26<00:50,  1.68it/s]
 34%|███▍      | 44/128 [00:26<00:48,  1.74it/s]
 35%|███▌      | 45/128 [00:27<00:46,  1.80it/s]
 36%|███▌      | 46/128 [00:27<00:47,  1.73it/s]
 37%|███▋      | 47/128 [00:28<00:52,  1.54it/s]
 38%|███▊      | 48/128 [00:29<00:47,  1.67it/s]
 38%|███▊      | 49/128 [00:29<00:46,  1.71it/s]
 39%|███▉      | 50/128 [00:30<00:45,  1.73it/s]
 40%|███▉      | 51/128 [00:30<00:45,  1.71it/s]
 41%|████      | 52/128 [00:31<00:43,  1.75it/s]
 41%|████▏     | 53/128 [00:32<00:50,  1.48it/s]
 42%|████▏     | 54/128 [00:32<00:48,  1.54it/s]
 43%|████▎     | 55/128 [00:33<00:47,  1.54it/s]
 44%|████▍     | 56/128 [00:33<00:43,  1.65it/s]
 45%|████▍     | 57/128 [00:34<00:45,  1.56it/s]
 45%|████▌     | 58/128 [00:35<00:44,  1.58it/s]
 46%|████▌     | 59/128 [00:35<00:44,  1.55it/s]
 47%|████▋     | 60/128 [00:37<00:54,  1.25it/s]
 48%|████▊     | 61/128 [00:38<00:55,  1.22it/s]
 48%|████▊     | 62/128 [00:39<01:13,  1.11s/it]
 49%|████▉     | 63/128 [00:41<01:25,  1.32s/it]
 50%|█████     | 64/128 [00:43<01:40,  1.57s/it]
 51%|█████     | 65/128 [00:45<01:45,  1.67s/it]
 52%|█████▏    | 66/128 [00:47<01:39,  1.61s/it]
 52%|█████▏    | 67/128 [00:48<01:32,  1.52s/it]
 53%|█████▎    | 68/128 [00:49<01:30,  1.51s/it]
 54%|█████▍    | 69/128 [00:51<01:26,  1.46s/it]
 55%|█████▍    | 70/128 [00:51<01:08,  1.19s/it]
 55%|█████▌    | 71/128 [00:52<00:56,  1.02it/s]
 56%|█████▋    | 72/128 [00:53<00:50,  1.12it/s]
 57%|█████▋    | 73/128 [00:53<00:45,  1.22it/s]
 58%|█████▊    | 74/128 [00:54<00:38,  1.42it/s]
 59%|█████▊    | 75/128 [00:54<00:38,  1.39it/s]
 59%|█████▉    | 76/128 [00:55<00:43,  1.21it/s]
 60%|██████    | 77/128 [00:56<00:36,  1.39it/s]
 61%|██████    | 78/128 [00:56<00:30,  1.64it/s]
 62%|██████▏   | 79/128 [00:57<00:26,  1.84it/s]
 62%|██████▎   | 80/128 [00:57<00:27,  1.74it/s]
 63%|██████▎   | 81/128 [00:58<00:25,  1.87it/s]
 64%|██████▍   | 82/128 [00:58<00:23,  1.99it/s]
 65%|██████▍   | 83/128 [00:59<00:21,  2.13it/s]
 66%|██████▌   | 84/128 [00:59<00:20,  2.16it/s]
 66%|██████▋   | 85/128 [01:00<00:20,  2.09it/s]
 67%|██████▋   | 86/128 [01:00<00:19,  2.20it/s]
 68%|██████▊   | 87/128 [01:00<00:18,  2.26it/s]
 69%|██████▉   | 88/128 [01:01<00:19,  2.03it/s]
 70%|██████▉   | 89/128 [01:02<00:20,  1.95it/s]
 70%|███████   | 90/128 [01:02<00:20,  1.86it/s]
 71%|███████   | 91/128 [01:03<00:20,  1.77it/s]
 72%|███████▏  | 92/128 [01:03<00:21,  1.70it/s]
 73%|███████▎  | 93/128 [01:04<00:19,  1.76it/s]
 73%|███████▎  | 94/128 [01:04<00:18,  1.87it/s]
 74%|███████▍  | 95/128 [01:05<00:17,  1.91it/s]
 75%|███████▌  | 96/128 [01:05<00:16,  1.95it/s]
 76%|███████▌  | 97/128 [01:06<00:15,  1.94it/s]
 77%|███████▋  | 98/128 [01:06<00:15,  1.99it/s]
 77%|███████▋  | 99/128 [01:07<00:14,  2.04it/s]
 78%|███████▊  | 100/128 [01:07<00:14,  1.98it/s]
 79%|███████▉  | 101/128 [01:08<00:14,  1.87it/s]
 80%|███████▉  | 102/128 [01:09<00:15,  1.72it/s]
 80%|████████  | 103/128 [01:09<00:14,  1.78it/s]
 81%|████████▏ | 104/128 [01:10<00:12,  1.88it/s]
 82%|████████▏ | 105/128 [01:10<00:11,  1.99it/s]
 83%|████████▎ | 106/128 [01:10<00:10,  2.20it/s]
 84%|████████▎ | 107/128 [01:11<00:09,  2.17it/s]
 84%|████████▍ | 108/128 [01:11<00:08,  2.28it/s]
 85%|████████▌ | 109/128 [01:12<00:08,  2.34it/s]
 86%|████████▌ | 110/128 [01:12<00:07,  2.43it/s]
 87%|████████▋ | 111/128 [01:12<00:07,  2.40it/s]
 88%|████████▊ | 112/128 [01:13<00:06,  2.40it/s]
 88%|████████▊ | 113/128 [01:14<00:08,  1.79it/s]
 89%|████████▉ | 114/128 [01:14<00:08,  1.70it/s]
 90%|████████▉ | 115/128 [01:15<00:07,  1.64it/s]
 91%|█████████ | 116/128 [01:16<00:06,  1.72it/s]
 91%|█████████▏| 117/128 [01:16<00:07,  1.53it/s]
 92%|█████████▏| 118/128 [01:17<00:06,  1.63it/s]
 93%|█████████▎| 119/128 [01:18<00:05,  1.66it/s]
 94%|█████████▍| 120/128 [01:18<00:04,  1.66it/s]
 95%|█████████▍| 121/128 [01:19<00:03,  1.76it/s]
 95%|█████████▌| 122/128 [01:19<00:03,  1.89it/s]
 96%|█████████▌| 123/128 [01:19<00:02,  1.99it/s]
 97%|█████████▋| 124/128 [01:20<00:02,  1.88it/s]
 98%|█████████▊| 125/128 [01:21<00:01,  1.96it/s]
 98%|█████████▊| 126/128 [01:21<00:01,  1.82it/s]
 99%|█████████▉| 127/128 [01:22<00:00,  1.78it/s]
100%|██████████| 128/128 [01:22<00:00,  1.83it/s]
100%|██████████| 128/128 [01:22<00:00,  1.55it/s]
